18 42 75 28 23 26 1 36 33 2 65 44 6 83 19 68 56 8 7 14 15 68 9 4 45 27 69 90 62 4 83 18 66 43 46 50 36 40 53 22 82 78 19 3 30 3 61 76 4 25